ARM Linker, 4.1 [Build 791] [Standard][RL-ARM]

==============================================================================

Section Cross References

    system_lpc17xx.o(.text) refers to lludivv7m.o(.text) for __aeabi_uldivmod
    system_lpc17xx.o(.text) refers to system_lpc17xx.o(.data) for SystemCoreClock
    startup_lpc17xx.o(STACK) refers (Special) to heapauxi.o(.text) for __use_two_region_memory
    startup_lpc17xx.o(HEAP) refers (Special) to heapauxi.o(.text) for __use_two_region_memory
    startup_lpc17xx.o(RESET) refers (Special) to heapauxi.o(.text) for __use_two_region_memory
    startup_lpc17xx.o(RESET) refers to startup_lpc17xx.o(STACK) for __initial_sp
    startup_lpc17xx.o(RESET) refers to startup_lpc17xx.o(.text) for Reset_Handler
    startup_lpc17xx.o(RESET) refers to interrupciones_servos.o(.text) for TIMER0_IRQHandler
    startup_lpc17xx.o(RESET) refers to timer_interrupt.o(.text) for TIMER1_IRQHandler
    startup_lpc17xx.o(RESET) refers to srf04.o(.text) for TIMER3_IRQHandler
    startup_lpc17xx.o(RESET) refers to uart_interrup.o(.text) for UART0_IRQHandler
    startup_lpc17xx.o(RESET) refers to i2c.o(.text) for I2C0_IRQHandler
    startup_lpc17xx.o(RESET) refers to interrupciones.o(.text) for EINT3_IRQHandler
    startup_lpc17xx.o(RESET) refers to dma.o(.text) for DMA_IRQHandler
    startup_lpc17xx.o(RESET) refers to emac_lpc17xx_100mb.o(.text) for ENET_IRQHandler
    startup_lpc17xx.o(.ARM.__at_0x02FC) refers (Special) to heapauxi.o(.text) for __use_two_region_memory
    startup_lpc17xx.o(.text) refers (Special) to heapauxi.o(.text) for __use_two_region_memory
    startup_lpc17xx.o(.text) refers to system_lpc17xx.o(.text) for SystemInit
    startup_lpc17xx.o(.text) refers to __main.o(!!!main) for __main
    startup_lpc17xx.o(.text) refers to startup_lpc17xx.o(HEAP) for Heap_Mem
    startup_lpc17xx.o(.text) refers to startup_lpc17xx.o(STACK) for Stack_Mem
    main.o(.text) refers to dflt_clz.o(x$fpl$dfltu) for __aeabi_ui2d
    main.o(.text) refers to dmul.o(x$fpl$dmul) for __aeabi_dmul
    main.o(.text) refers to daddsub_clz.o(x$fpl$dadd) for __aeabi_dadd
    main.o(.text) refers to dfixu.o(x$fpl$dfixu) for __aeabi_d2uiz
    main.o(.text) refers to uart.o(.text) for tx_cadena_UART0
    main.o(.text) refers to ov7670.o(.text) for Init_OV7670
    main.o(.text) refers to timer.o(.text) for Init_TIMER1X
    main.o(.text) refers to dac.o(.text) for DACInit
    main.o(.text) refers to dma.o(.text) for DMA_Init
    main.o(.text) refers to srf04.o(.text) for get_distance
    main.o(.text) refers to inicio_servos.o(.text) for Init_Servos
    main.o(.text) refers to glcd.o(.text) for LCD_Initialization
    main.o(.text) refers to touchpanel.o(.text) for TP_Init
    main.o(.text) refers to http_demo.o(.text) for init_TCP
    main.o(.text) refers to statemachine.o(.text) for State_Machine
    main.o(.text) refers to ov7670_read.o(.data) for pass
    main.o(.text) refers to srf04.o(.data) for distance_ready
    main.o(.text) refers to states.o(.data) for state
    main.o(.text) refers to touchpanel.o(.data) for Detection_color
    main.o(.text) refers to touchpanel.o(.bss) for Calibration_vars
    main.o(.text) refers to games.o(.data) for bgColor
    asciilib.o(.text) refers to rt_memcpy_v6.o(.text) for __aeabi_memcpy
    asciilib.o(.text) refers to asciilib.o(.constdata) for AsciiLib
    glcd.o(.text) refers to lpc17xx_pinsel.o(.text) for PINSEL_ConfigPin
    glcd.o(.text) refers to lpc17xx_gpio.o(.text) for GPIO_SetDir
    glcd.o(.text) refers to touchpanel.o(.text) for Window
    glcd.o(.text) refers to calibration.o(.data) for MAX_X
    glcd.o(.text) refers to asciilib.o(.text) for GetASCIICode
    glcd.o(.text) refers to games.o(.constdata) for figures
    touchpanel.o(.text) refers to lpc17xx_pinsel.o(.text) for PINSEL_ConfigPin
    touchpanel.o(.text) refers to lpc17xx_gpio.o(.text) for GPIO_SetDir
    touchpanel.o(.text) refers to lpc17xx_ssp.o(.text) for SSP_ConfigStructInit
    touchpanel.o(.text) refers to glcd.o(.text) for LCD_SetPoint
    touchpanel.o(.text) refers to states.o(.data) for num_bars_menu
    touchpanel.o(.text) refers to states.o(.bss) for menu_rect
    touchpanel.o(.text) refers to strlen.o(.text) for strlen
    touchpanel.o(.text) refers to calibration.o(.data) for text_mode
    touchpanel.o(.text) refers to touchpanel.o(.bss) for Calibration_vars
    touchpanel.o(.text) refers to rt_memclr_w.o(.text) for __aeabi_memclr4
    touchpanel.o(.text) refers to touchpanel.o(.data) for display
    touchpanel.o(.text) refers to dflt_clz.o(x$fpl$dflt) for __aeabi_i2d
    touchpanel.o(.text) refers to deqf.o(x$fpl$deqf) for __aeabi_cdcmpeq
    touchpanel.o(.text) refers to dflt_clz.o(x$fpl$dfltu) for __aeabi_ui2d
    touchpanel.o(.text) refers to dmul.o(x$fpl$dmul) for __aeabi_dmul
    touchpanel.o(.text) refers to daddsub_clz.o(x$fpl$dadd) for __aeabi_dadd
[...]
    _chval                                   0x00012885   Thumb Code    28  _chval.o(.text)
    exit                                     0x000128a1   Thumb Code    12  exit.o(.text)
    _sys_exit                                0x000128ad   Thumb Code     8  sys_exit.o(.text)
    __rt_fp_status_addr                      0x000128b9   Thumb Code     8  rt_fp_status_addr_intlibspace.o(.text)
    __ARM_fpclassify                         0x000128c1   Thumb Code    40  fpclassify.o(i.__ARM_fpclassify)
    __semihosting_library_function           0x000128c1   Thumb Code     0  indicate_semi.o(.text)
    __ieee754_rem_pio2                       0x000128e9   Thumb Code   828  rred.o(i.__ieee754_rem_pio2)
    __kernel_cos                             0x00012c6d   Thumb Code   230  cos_i.o(i.__kernel_cos)
    __kernel_poly                            0x00012d69   Thumb Code   170  poly.o(i.__kernel_poly)
    __kernel_sin                             0x00012e15   Thumb Code   226  sin_i.o(i.__kernel_sin)
    __mathlib_dbl_underflow                  0x00012f05   Thumb Code    10  dunder.o(i.__mathlib_dbl_underflow)
    _is_digit                                0x00012f15   Thumb Code    14  __printf_wp.o(i._is_digit)
    alloc_mem                                0x00012f59   Thumb Code   174  at_mem.o(i.alloc_mem)
    arp_cache_add                            0x00013011   Thumb Code   174  at_arp.o(i.arp_cache_add)
    arp_cache_early                          0x00013151   Thumb Code   142  at_arp.o(i.arp_cache_early)
    arp_cache_find                           0x000131e9   Thumb Code   168  at_arp.o(i.arp_cache_find)
    arp_cache_update                         0x0001329d   Thumb Code   228  at_arp.o(i.arp_cache_update)
    arp_init                                 0x00013391   Thumb Code    34  at_arp.o(i.arp_init)
    arp_notify                               0x000133f1   Thumb Code    26  at_arp.o(i.arp_notify)
    arp_probe                                0x00013419   Thumb Code    14  at_arp.o(i.arp_probe)
    arp_process                              0x000134b5   Thumb Code   294  at_arp.o(i.arp_process)
    avail_mem                                0x00013745   Thumb Code    22  at_mem.o(i.avail_mem)
    b64_to_asc                               0x00013761   Thumb Code   120  at_lib.o(i.b64_to_asc)
    calc_chksum16be                          0x000137d9   Thumb Code    18  at_lib.o(i.calc_chksum16be)
    cgi_process_var                          0x000137eb   Thumb Code     2  at_http_cgi.o(i.cgi_process_var)
    cgx_content_type                         0x000137ed   Thumb Code     4  at_http.o(i.cgx_content_type)
    chksum16_buf                             0x000139bd   Thumb Code    40  at_lib.o(i.chksum16_buf)
    chksum16_val                             0x000139e5   Thumb Code    10  at_lib.o(i.chksum16_val)
    dhcp_cbfunc                              0x00013a35   Thumb Code     2  at_dhcp.o(i.dhcp_cbfunc)
    dhcp_disable                             0x00013a39   Thumb Code    50  at_dhcp.o(i.dhcp_disable)
    dhcp_init                                0x00013a75   Thumb Code    66  at_dhcp.o(i.dhcp_init)
    dhcp_run_client                          0x00013cc1   Thumb Code   440  at_dhcp.o(i.dhcp_run_client)
    eth_chk_adr                              0x00014095   Thumb Code    10  at_ethernet.o(i.eth_chk_adr)
    eth_init_link                            0x000140a5   Thumb Code    40  at_ethernet.o(i.eth_init_link)
    eth_run_link                             0x000140d9   Thumb Code   194  at_ethernet.o(i.eth_run_link)
    eth_send_frame                           0x000141ad   Thumb Code   150  at_ethernet.o(i.eth_send_frame)
    free_mem                                 0x00014255   Thumb Code   124  at_mem.o(i.free_mem)
    get_rnd32                                0x000143c5   Thumb Code    18  at_system.o(i.get_rnd32)
    http_accept_host                         0x000143f3   Thumb Code     4  at_http.o(i.http_accept_host)
    http_check_account                       0x000146b5   Thumb Code     4  at_http.o(i.http_check_account)
    http_fclose                              0x00014841   Thumb Code     2  at_http_uif.o(i.http_fclose)
    http_fgets                               0x00014843   Thumb Code     4  at_http_uif.o(i.http_fgets)
    http_file_access                         0x00014847   Thumb Code     4  at_http.o(i.http_file_access)
    http_finfo                               0x0001484b   Thumb Code     4  at_http_uif.o(i.http_finfo)
    http_fopen                               0x0001484f   Thumb Code     4  at_http_uif.o(i.http_fopen)
    http_fread                               0x00014853   Thumb Code     4  at_http_uif.o(i.http_fread)
    http_get_var                             0x00014859   Thumb Code   104  at_http.o(i.http_get_var)
    http_init                                0x000148c5   Thumb Code    72  at_http.o(i.http_init)
    http_run_server                          0x00015081   Thumb Code   816  at_http.o(i.http_run_server)
    icmp_init                                0x00015485   Thumb Code    10  at_icmp.o(i.icmp_init)
    icmp_process                             0x00015495   Thumb Code   198  at_icmp.o(i.icmp_process)
    icmp_run_engine                          0x00015561   Thumb Code    58  at_icmp.o(i.icmp_run_engine)
    ifree_mem                                0x00015619   Thumb Code    48  at_mem.o(i.ifree_mem)
    init_TcpNet                              0x00015651   Thumb Code    38  at_system.o(i.init_TcpNet)
    init_mem                                 0x00015681   Thumb Code    86  at_mem.o(i.init_mem)
    ip_chk_frame                             0x000156e1   Thumb Code   190  at_ip.o(i.ip_chk_frame)
    ip_get_locadr                            0x000157b5   Thumb Code   166  at_ip.o(i.ip_get_locadr)
    ip_init                                  0x0001586d   Thumb Code     8  at_ip.o(i.ip_init)
    ip_run_local                             0x00015879   Thumb Code    82  at_ip.o(i.ip_run_local)
    ip_send_frame                            0x000158d5   Thumb Code   328  at_ip.o(i.ip_send_frame)
    is_subnet                                0x00015a25   Thumb Code    20  at_lib.o(i.is_subnet)
    main_TcpNet                              0x00015a39   Thumb Code    86  at_system.o(i.main_TcpNet)
    mem_comp                                 0x00015a9d   Thumb Code    24  at_lib.o(i.mem_comp)
    mem_copy                                 0x00015ab5   Thumb Code    22  at_lib.o(i.mem_copy)
    mem_crc32                                0x00015acb   Thumb Code    32  at_lib.o(i.mem_crc32)
    mem_set                                  0x00015aeb   Thumb Code    10  at_lib.o(i.mem_set)
    mem_test                                 0x00015af5   Thumb Code    20  at_lib.o(i.mem_test)
    nbns_init                                0x00015b09   Thumb Code    32  at_nbns.o(i.nbns_init)
    nrd_u32be                                0x00015c91   Thumb Code    22  at_lib.o(i.nrd_u32be)
    nwr_u16be                                0x00015ca7   Thumb Code     8  at_lib.o(i.nwr_u16be)
    nwr_u32be                                0x00015caf   Thumb Code    16  at_lib.o(i.nwr_u32be)
    put_in_queue                             0x00015e65   Thumb Code    36  at_ethernet.o(i.put_in_queue)
    resize_mem                               0x00015f2d   Thumb Code    68  at_mem.o(i.resize_mem)
    sin                                      0x00015fc1   Thumb Code   166  sin.o(i.sin)
    str_copy                                 0x00016071   Thumb Code    18  at_lib.o(i.str_copy)
    str_crc32                                0x00016083   Thumb Code    26  at_lib.o(i.str_crc32)
    str_pos                                  0x0001609d   Thumb Code    22  at_lib.o(i.str_pos)
    str_scomp                                0x000160b3   Thumb Code    26  at_lib.o(i.str_scomp)
    str_up_case                              0x000160cd   Thumb Code    26  at_lib.o(i.str_up_case)
    tcp_abort                                0x000160e9   Thumb Code    76  at_tcp.o(i.tcp_abort)
    tcp_close                                0x00016139   Thumb Code   150  at_tcp.o(i.tcp_close)
    tcp_get_buf                              0x000161d5   Thumb Code    32  at_tcp.o(i.tcp_get_buf)
    tcp_get_socket                           0x000161f5   Thumb Code    70  at_tcp.o(i.tcp_get_socket)
    tcp_get_state                            0x00016241   Thumb Code    32  at_tcp.o(i.tcp_get_state)
    tcp_init                                 0x00016265   Thumb Code    18  at_tcp.o(i.tcp_init)
    tcp_listen                               0x0001627d   Thumb Code   102  at_tcp.o(i.tcp_listen)
    tcp_max_dsize                            0x00016381   Thumb Code    30  at_tcp.o(i.tcp_max_dsize)
    tcp_poll_sockets                         0x00016405   Thumb Code   630  at_tcp.o(i.tcp_poll_sockets)
    tcp_process                              0x000167a5   Thumb Code  1164  at_tcp.o(i.tcp_process)
    tcp_send                                 0x00016d05   Thumb Code   204  at_tcp.o(i.tcp_send)
    timer_tick                               0x0001704d   Thumb Code    14  at_system.o(i.timer_tick)
    udp_close                                0x00017061   Thumb Code    38  at_udp.o(i.udp_close)
    udp_get_buf                              0x0001708d   Thumb Code    32  at_udp.o(i.udp_get_buf)
    udp_get_socket                           0x000170ad   Thumb Code    62  at_udp.o(i.udp_get_socket)
    udp_init                                 0x000170f1   Thumb Code    18  at_udp.o(i.udp_init)
    udp_open                                 0x00017109   Thumb Code    96  at_udp.o(i.udp_open)
    udp_process                              0x0001719d   Thumb Code   178  at_udp.o(i.udp_process)
    udp_release_socket                       0x00017255   Thumb Code    44  at_udp.o(i.udp_release_socket)
    udp_send                                 0x00017285   Thumb Code   280  at_udp.o(i.udp_send)
    _get_lc_ctype                            0x00017481   Thumb Code    44  lc_ctype_c.o(locale$$code)
    __aeabi_d2f                              0x000174ad   Thumb Code     0  d2f.o(x$fpl$d2f)
    _d2f                                     0x000174ad   Thumb Code    98  d2f.o(x$fpl$d2f)
    __aeabi_dadd                             0x00017511   Thumb Code     0  daddsub_clz.o(x$fpl$dadd)
    _dadd                                    0x00017511   Thumb Code   332  daddsub_clz.o(x$fpl$dadd)
    __fpl_dcheck_NaN1                        0x00017661   Thumb Code    10  dcheck1.o(x$fpl$dcheck1)
    __fpl_dcmp_Inf                           0x00017671   Thumb Code    24  dcmpi.o(x$fpl$dcmpinf)
    __aeabi_ddiv                             0x00017689   Thumb Code     0  ddiv.o(x$fpl$ddiv)
    _ddiv                                    0x00017689   Thumb Code   552  ddiv.o(x$fpl$ddiv)
    __aeabi_cdcmpeq                          0x00017939   Thumb Code     0  deqf.o(x$fpl$deqf)
    _dcmpeq                                  0x00017939   Thumb Code   120  deqf.o(x$fpl$deqf)
    __aeabi_d2iz                             0x000179b1   Thumb Code     0  dfix.o(x$fpl$dfix)
    _dfix                                    0x000179b1   Thumb Code    94  dfix.o(x$fpl$dfix)
    __aeabi_d2uiz                            0x00017a11   Thumb Code     0  dfixu.o(x$fpl$dfixu)
    _dfixu                                   0x00017a11   Thumb Code    90  dfixu.o(x$fpl$dfixu)
    __aeabi_i2d                              0x00017a6b   Thumb Code     0  dflt_clz.o(x$fpl$dflt)
    _dflt                                    0x00017a6b   Thumb Code    46  dflt_clz.o(x$fpl$dflt)
    __aeabi_ui2d                             0x00017a99   Thumb Code     0  dflt_clz.o(x$fpl$dfltu)
    _dfltu                                   0x00017a99   Thumb Code    38  dflt_clz.o(x$fpl$dfltu)
    __aeabi_cdcmple                          0x00017ac1   Thumb Code     0  dleqf.o(x$fpl$dleqf)
    _dcmple                                  0x00017ac1   Thumb Code   120  dleqf.o(x$fpl$dleqf)
    __fpl_dcmple_InfNaN                      0x00017b23   Thumb Code     0  dleqf.o(x$fpl$dleqf)
    __aeabi_dmul                             0x00017b39   Thumb Code     0  dmul.o(x$fpl$dmul)
    _dmul                                    0x00017b39   Thumb Code   332  dmul.o(x$fpl$dmul)
    __fpl_dnaninf                            0x00017c8d   Thumb Code   156  dnaninf.o(x$fpl$dnaninf)
    __fpl_dretinf                            0x00017d29   Thumb Code    12  dretinf.o(x$fpl$dretinf)
    __aeabi_cdrcmple                         0x00017d35   Thumb Code     0  drleqf.o(x$fpl$drleqf)
    _drcmple                                 0x00017d35   Thumb Code   108  drleqf.o(x$fpl$drleqf)
    __aeabi_drsub                            0x00017da1   Thumb Code     0  daddsub_clz.o(x$fpl$drsb)
    _drsb                                    0x00017da1   Thumb Code    22  daddsub_clz.o(x$fpl$drsb)
    __aeabi_dsub                             0x00017db9   Thumb Code     0  daddsub_clz.o(x$fpl$dsub)
    _dsub                                    0x00017db9   Thumb Code   464  daddsub_clz.o(x$fpl$dsub)
    __aeabi_f2d                              0x00017f8d   Thumb Code     0  f2d.o(x$fpl$f2d)
    _f2d                                     0x00017f8d   Thumb Code    86  f2d.o(x$fpl$f2d)
    __aeabi_fadd                             0x00017fe5   Thumb Code     0  faddsub_clz.o(x$fpl$fadd)
    _fadd                                    0x00017fe5   Thumb Code   196  faddsub_clz.o(x$fpl$fadd)
    __fpl_fcmp_Inf                           0x000180a9   Thumb Code    24  fcmpi.o(x$fpl$fcmpinf)
    __aeabi_fdiv                             0x000180c1   Thumb Code     0  fdiv.o(x$fpl$fdiv)
    _fdiv                                    0x000180c1   Thumb Code   384  fdiv.o(x$fpl$fdiv)
    __aeabi_cfcmpeq                          0x00018245   Thumb Code     0  feqf.o(x$fpl$feqf)
    _fcmpeq                                  0x00018245   Thumb Code   104  feqf.o(x$fpl$feqf)
    __aeabi_f2uiz                            0x000182ad   Thumb Code     0  ffixu.o(x$fpl$ffixu)
    _ffixu                                   0x000182ad   Thumb Code    62  ffixu.o(x$fpl$ffixu)
    __aeabi_i2f                              0x000182ed   Thumb Code     0  fflt_clz.o(x$fpl$fflt)
    _fflt                                    0x000182ed   Thumb Code    48  fflt_clz.o(x$fpl$fflt)
    __aeabi_ui2f                             0x0001831d   Thumb Code     0  fflt_clz.o(x$fpl$ffltu)
    _ffltu                                   0x0001831d   Thumb Code    38  fflt_clz.o(x$fpl$ffltu)
    __aeabi_cfcmple                          0x00018345   Thumb Code     0  fleqf.o(x$fpl$fleqf)
    _fcmple                                  0x00018345   Thumb Code   104  fleqf.o(x$fpl$fleqf)
    __fpl_fcmple_InfNaN                      0x00018397   Thumb Code     0  fleqf.o(x$fpl$fleqf)
    __aeabi_fmul                             0x000183ad   Thumb Code     0  fmul.o(x$fpl$fmul)
    _fmul                                    0x000183ad   Thumb Code   258  fmul.o(x$fpl$fmul)
    __fpl_fnaninf                            0x000184af   Thumb Code   140  fnaninf.o(x$fpl$fnaninf)
    _fp_init                                 0x0001853b   Thumb Code    14  fpinit.o(x$fpl$fpinit)
    __fplib_config_pureend_doubles           0x00018547   Thumb Code     0  fpinit.o(x$fpl$fpinit)
    __fpl_fretinf                            0x00018549   Thumb Code    10  fretinf.o(x$fpl$fretinf)
    __aeabi_cfrcmple                         0x00018553   Thumb Code     0  frleqf.o(x$fpl$frleqf)
    _frcmple                                 0x00018553   Thumb Code    98  frleqf.o(x$fpl$frleqf)
    __aeabi_fsub                             0x000185b5   Thumb Code     0  faddsub_clz.o(x$fpl$fsub)
    _fsub                                    0x000185b5   Thumb Code   234  faddsub_clz.o(x$fpl$fsub)
    __fpl_return_NaN                         0x0001869f   Thumb Code   100  retnan.o(x$fpl$retnan)
    __ARM_scalbn                             0x00018703   Thumb Code    92  scalbn.o(x$fpl$scalbn)
    __fpl_cmpreturn                          0x0001875f   Thumb Code    48  trapv.o(x$fpl$trapveneer)
    __I$use$fp                               0x0001878f   Thumb Code     0  usenofp.o(x$fpl$usenofp)
    muelle                                   0x00018dcf   Data           2  dac.o(.constdata)
    click_audio                              0x00018dd1   Data           2  dac.o(.constdata)
    nlocalm                                  0x00018dd4   Data          60  net_config.o(.constdata)
    sys_config                               0x00018e10   Data          16  net_config.o(.constdata)
    arp_config                               0x00018e20   Data          12  net_config.o(.constdata)
    dhcp_config                              0x00018e2c   Data           8  net_config.o(.constdata)
    udp_config                               0x00018e34   Data           8  net_config.o(.constdata)
    tcp_config                               0x00018e3c   Data          24  net_config.o(.constdata)
    http_config                              0x00018e54   Data          24  net_config.o(.constdata)
    FileMD                                   0x00018e6c   Data           4  web.o(.constdata)
    FileTab                                  0x0001b464   Data          48  web.o(.constdata)
    caramels                                 0x0001b494   Data       15246  caramels.o(.constdata)
    figures                                  0x0001f022   Data         128  games.o(.constdata)
    IP_Broadcast                             0x0001f0a2   Data           4  at_ip.o(.constdata)
    MAC_Broadcast                            0x0001f1a6   Data           6  at_ethernet.o(.constdata)
    http_err_401                             0x0001f1b2   Data          86  http_err.o(.constdata)
    http_err_403                             0x0001f208   Data          81  http_err.o(.constdata)
    http_err_404                             0x0001f259   Data          78  http_err.o(.constdata)
    http_err_501                             0x0001f2a7   Data          75  http_err.o(.constdata)
    http_err_head                            0x0001f2f2   Data          47  http_err.o(.constdata)
    http_err_foot                            0x0001f321   Data         136  http_err.o(.constdata)
    Region$$Table$$Base                      0x0001f550   Number         0  anon$$obj.o(Region$$Table)
    Region$$Table$$Limit                     0x0001f570   Number         0  anon$$obj.o(Region$$Table)
    __ctype                                  0x0001f57d   Data           0  lc_ctype_c.o(locale$$data)
    SystemCoreClock                          0x10000000   Data           4  system_lpc17xx.o(.data)
    DisplaySample                            0x10000004   Data          12  touchpanel.o(.data)
    display                                  0x10000014   Data           4  touchpanel.o(.data)
    Capt_flag                                0x10000018   Data           2  touchpanel.o(.data)
    actual_window                            0x1000001a   Data           8  touchpanel.o(.data)
    Detection_color                          0x10000022   Data           2  touchpanel.o(.data)
    Ptr                                      0x10000024   Data           4  touchpanel.o(.data)
    Ptr2                                     0x10000028   Data           4  touchpanel.o(.data)
    frase                                    0x1000002c   Data           4  i2c.o(.data)
    I2CMasterState                           0x10000030   Data           4  i2c.o(.data)
    I2CSlaveState                            0x10000034   Data           4  i2c.o(.data)
    RdIndex                                  0x10000038   Data           4  i2c.o(.data)
    WrIndex                                  0x1000003c   Data           4  i2c.o(.data)
    I2C_mode                                 0x10000040   Data           1  i2c.o(.data)
    numWriteQueue                            0x10000041   Data           1  i2c.o(.data)
    I2CReadLength                            0x10000044   Data           4  i2c.o(.data)
    I2CWriteLength                           0x10000048   Data           4  i2c.o(.data)
    num_frame                                0x1000004c   Data           4  ov7670_read.o(.data)
    aux                                      0x10000050   Data           4  ov7670_read.o(.data)
    num                                      0x10000054   Data           4  ov7670_read.o(.data)
    pass                                     0x10000058   Data           4  ov7670_read.o(.data)
    fps_aux                                  0x1000005c   Data           4  ov7670_read.o(.data)
    fps                                      0x10000060   Data           4  ov7670_read.o(.data)
    color_detect                             0x10000064   Data           2  ov7670_read.o(.data)
    cd_R                                     0x10000066   Data           1  ov7670_read.o(.data)
    cd_G                                     0x10000067   Data           1  ov7670_read.o(.data)
    cd_B                                     0x10000068   Data           1  ov7670_read.o(.data)
    umbral                                   0x10000069   Data           1  ov7670_read.o(.data)
    read_type                                0x1000006a   Data           1  ov7670_read.o(.data)
    det_x                                    0x1000006c   Data           4  ov7670_read.o(.data)
    det_y                                    0x10000070   Data           4  ov7670_read.o(.data)
    total_mass                               0x10000074   Data           4  ov7670_read.o(.data)
    const_block                              0x10000078   Data           2  ov7670_read.o(.data)
    Vd_OV7670                                0x1000007a   Data           2  ov7670_read.o(.data)
    Vx_OV7670                                0x1000007c   Data           2  ov7670_read.o(.data)
    numer_frames                             0x1000007e   Data           5  ov7670_read.o(.data)
    frame_read_delay_us                      0x10000084   Data           4  ov7670_read.o(.data)
    n_f_c                                    0x10000088   Data           4  ov7670_read.o(.data)
    average                                  0x1000008c   Data           1  ov7670_read.o(.data)
    MAX_X                                    0x1000008e   Data           2  calibration.o(.data)
    MAX_Y                                    0x10000090   Data           2  calibration.o(.data)
    text_mode                                0x10000092   Data           1  calibration.o(.data)
    OV7670contrast                           0x10000093   Data           1  calibration.o(.data)
    OV7670bright                             0x10000094   Data           1  calibration.o(.data)
    OV7670luminis                            0x10000096   Data           2  calibration.o(.data)
    OV7670R_gain                             0x10000098   Data           1  calibration.o(.data)
    OV7670G_gain                             0x10000099   Data           1  calibration.o(.data)
    OV7670B_gain                             0x1000009a   Data           1  calibration.o(.data)
    OV7670fps                                0x1000009b   Data           1  calibration.o(.data)
    resol_type                               0x1000009c   Data           1  calibration.o(.data)
    try_QCIF_H                               0x1000009e   Data           2  ov7670_photo.o(.data)
    try_QCIF_W                               0x100000a0   Data           2  ov7670_photo.o(.data)
    show_picture                             0x100000a2   Data           1  ov7670_photo.o(.data)
    take_picture                             0x100000a3   Data           1  ov7670_photo.o(.data)
    baudrate                                 0x100000a4   Data           4  uart_interrup.o(.data)
    tipo_rx                                  0x100000a8   Data           1  uart_interrup.o(.data)
    pos_cadena                               0x100000ac   Data           4  uart_interrup.o(.data)
    p_buffrx                                 0x100000b0   Data           4  uart_interrup.o(.data)
    pcad_tx                                  0x100000b4   Data           4  uart_interrup.o(.data)
    tx_completa                              0x100000b8   Data           1  uart_interrup.o(.data)
    n_words_buffer                           0x100000b9   Data           1  uart_interrup.o(.data)
    uart_f                                   0x100000ba   Data           1  uart_interrup.o(.data)
    general_period_ms                        0x100000bc   Data           4  timer.o(.data)
    general_period2_ms                       0x100000c0   Data           4  timer.o(.data)
    general_period_us                        0x100000c4   Data           4  timer.o(.data)
    gaming                                   0x100000c8   Data           1  timer_interrupt.o(.data)
    delay_only                               0x100000ca   Data           2  timer_interrupt.o(.data)
    move_inv_flag                            0x100000cc   Data           1  timer_interrupt.o(.data)
    flag                                     0x100000d0   Data           4  timer_interrupt.o(.data)
    i                                        0x100000d4   Data           4  timer_interrupt.o(.data)
    cont                                     0x100000d8   Data           4  interrupciones.o(.data)
    fps_divider                              0x100000dc   Data           1  interrupciones.o(.data)
    frecuency                                0x100000e0   Data           4  srf04.o(.data)
    temperature                              0x100000e4   Data           4  srf04.o(.data)
    speed_sound                              0x100000e8   Data           4  srf04.o(.data)
    times_measured                           0x100000ec   Data           4  srf04.o(.data)
    return_time                              0x100000f0   Data           4  srf04.o(.data)
    distance_ready                           0x100000f4   Data           4  srf04.o(.data)
    distance_cm                              0x100000f8   Data           4  srf04.o(.data)
    time_DAC                                 0x100000fc   Data           4  dac.o(.data)
    DAC_frecuency                            0x10000100   Data           4  dac.o(.data)
    frecuency_sound                          0x10000104   Data           4  dac.o(.data)
    num_samples_cycle                        0x10000108   Data           4  dac.o(.data)
    samples_per_cicle                        0x1000010c   Data           4  dac.o(.data)
    Pulses_DAC                               0x10000110   Data           4  dac.o(.data)
    DMATCCount                               0x10000114   Data           4  dma.o(.data)
    DMAErrCount                              0x10000118   Data           4  dma.o(.data)
    DACDMA0Done                              0x1000011c   Data           4  dma.o(.data)
    DACDMA1Done                              0x10000120   Data           4  dma.o(.data)
    Src_DAC_DMA                              0x10000124   Data           4  dma.o(.data)
    Dst_DAC_DMA                              0x10000128   Data           4  dma.o(.data)
    j                                        0x1000012c   Data           4  states.o(.data)
    nb                                       0x10000130   Data           4  states.o(.data)
    state_in_process                         0x10000134   Data           4  states.o(.data)
    num_botton_menu                          0x10000138   Data           1  states.o(.data)
    num_bars_menu                            0x10000139   Data           1  states.o(.data)
    type_bar                                 0x1000013c   Data           4  states.o(.data)
    draw_flag                                0x10000140   Data           4  states.o(.data)
    screen_flag                              0x10000144   Data           4  states.o(.data)
    state                                    0x10000148   Data           4  states.o(.data)
    man_auto                                 0x1000014c   Data           4  states.o(.data)
    iap_entry                                0x10000150   Data           4  emac_lpc17xx_100mb.o(.data)
    select_menu                              0x10000158   Data           1  http_cgi.o(.data)
    BCL                                      0x10000159   Data           1  http_cgi.o(.data)
    RGB                                      0x1000015a   Data           1  http_cgi.o(.data)
    aux_data_form                            0x10000161   Data           1  http_cgi.o(.data)
    lcd_text                                 0x10000164   Data          34  http_demo.o(.data)
    LEDrun                                   0x1000018c   Data           4  http_demo.o(.data)
    LCDupdate                                0x10000190   Data           4  http_demo.o(.data)
    tick                                     0x10000194   Data           4  http_demo.o(.data)
    dhcp_tout                                0x10000198   Data           4  http_demo.o(.data)
    lhost_name                               0x1000019c   Data          16  net_config.o(.data)
    own_hw_adr                               0x100001ac   Data           6  net_config.o(.data)
    rand_seed                                0x100001c8   Data           2  games.o(.data)
    game                                     0x100001ca   Data           1  games.o(.data)
    dir_ball                                 0x100001cb   Data           1  games.o(.data)
    vel_x_base                               0x100001cc   Data           1  games.o(.data)
    vel_y_base                               0x100001cd   Data           1  games.o(.data)
    vel_x                                    0x100001d0   Data           4  games.o(.data)
    vel_y                                    0x100001d4   Data           4  games.o(.data)
    color_ball                               0x100001d8   Data           2  games.o(.data)
    bgColor                                  0x100001da   Data           2  games.o(.data)
    newGame                                  0x100001dc   Data           1  games.o(.data)
    border_field                             0x100001dd   Data           1  games.o(.data)
    time_game                                0x100001de   Data           2  games.o(.data)
    num_times_game                           0x100001e0   Data           4  games.o(.data)
    score1                                   0x100001e4   Data           1  games.o(.data)
    score2                                   0x100001e5   Data           1  games.o(.data)
    time_pong                                0x100001e6   Data           1  games.o(.data)
    invaders_x                               0x100001e8   Data           2  games.o(.data)
    invaders_y                               0x100001ea   Data           2  games.o(.data)
    vel_invaders                             0x100001ec   Data           4  games.o(.data)
    lowest_invader                           0x100001f0   Data           2  games.o(.data)
    num_destroyed                            0x100001f2   Data           1  games.o(.data)
    destroyed                                0x100001f4   Data           4  games.o(.data)
    n_invaderRows                            0x100001f8   Data           1  games.o(.data)
    invadersPerRow                           0x100001f9   Data           1  games.o(.data)
    misil_active                             0x100001fa   Data           2  games.o(.data)
    lives                                    0x100001fc   Data           1  games.o(.data)
    ts_x                                     0x100001fe   Data           2  games.o(.data)
    ts_y                                     0x10000200   Data           2  games.o(.data)
    candy_state                              0x10000202   Data           1  games.o(.data)
    sel_candyx                               0x10000203   Data           1  games.o(.data)
    sel_candyy                               0x10000204   Data           1  games.o(.data)
    candy_score                              0x10000208   Data           4  games.o(.data)
    highest_candy_score                      0x1000020c   Data           4  games.o(.data)
    candy_acc                                0x10000210   Data           1  games.o(.data)
    pl1                                      0x10000212   Data           8  games.o(.data)
    pl2                                      0x1000021a   Data           8  games.o(.data)
    ball                                     0x10000222   Data           8  games.o(.data)
    desp_x                                   0x1000022c   Data           4  games.o(.data)
    desp_y                                   0x10000230   Data           4  games.o(.data)
    invader                                  0x10000234   Data           8  games.o(.data)
    candy_swapx                              0x1000023c   Data           1  games.o(.data)
    candy_swapy                              0x1000023d   Data           1  games.o(.data)
    candy_sel_dep                            0x10000240   Data           4  games.o(.data)
    candy_swap_desp                          0x10000244   Data           4  games.o(.data)
    candy_st                                 0x10000248   Data           1  games.o(.data)
    difc_x                                   0x1000024c   Data           4  games.o(.data)
    difc_y                                   0x10000250   Data           4  games.o(.data)
    detect_width_zone                        0x10000254   Data           2  ov7670_detect_games.o(.data)
    player1_y                                0x10000256   Data           2  ov7670_detect_games.o(.data)
    player2_y                                0x10000258   Data           2  ov7670_detect_games.o(.data)
    ADC_value_Alt                            0x1000025c   Data           4  inicio_servos.o(.data)
    ADC_value_Azim                           0x10000260   Data           4  inicio_servos.o(.data)
    x                                        0x10000264   Data           4  inicio_servos.o(.data)
    y                                        0x10000268   Data           4  inicio_servos.o(.data)
    x_ant                                    0x1000026c   Data           4  inicio_servos.o(.data)
    y_ant                                    0x10000270   Data           4  inicio_servos.o(.data)
    umbral_x                                 0x10000274   Data           4  inicio_servos.o(.data)
    umbral_y                                 0x10000278   Data           4  inicio_servos.o(.data)
    modo                                     0x1000027c   Data           1  inicio_servos.o(.data)
    ADC_x                                    0x10000280   Data           4  inicio_servos.o(.data)
    ADC_y                                    0x10000284   Data           4  inicio_servos.o(.data)
    cons_pro_x                               0x10000288   Data           4  inicio_servos.o(.data)
    cons_pro_y                               0x1000028c   Data           4  inicio_servos.o(.data)
    cons_pro_x_cam                           0x10000290   Data           4  inicio_servos.o(.data)
    cons_pro_y_cam                           0x10000294   Data           4  inicio_servos.o(.data)
    cons_dif_x                               0x10000298   Data           4  inicio_servos.o(.data)
    cons_dif_y                               0x1000029c   Data           4  inicio_servos.o(.data)
    cons_int_x                               0x100002a0   Data           4  inicio_servos.o(.data)
    cons_int_y                               0x100002a4   Data           4  inicio_servos.o(.data)
    resul_1                                  0x100002a8   Data           4  inicio_servos.o(.data)
    resul_2                                  0x100002ac   Data           4  inicio_servos.o(.data)
    matrix                                   0x100002e0   Data          56  touchpanel.o(.bss)
    Calibration_vars                         0x10000318   Data          18  touchpanel.o(.bss)
    ScreenSample                             0x1000032a   Data          12  touchpanel.o(.bss)
    I2CMasterBuffer                          0x10000336   Data          35  i2c.o(.bss)
    I2CSlaveBuffer                           0x10000359   Data          32  i2c.o(.bss)
    SCCB_WriteQueue                          0x10000379   Data         200  i2c.o(.bss)
    delay_read                               0x10000442   Data          10  ov7670_read.o(.bss)
    scn_zone                                 0x1000044c   Data         384  ov7670_read.o(.bss)
    distances                                0x100005cc   Data         192  ov7670_read.o(.bss)
    buffer_rx                                0x1000068c   Data         500  uart_interrup.o(.bss)
    buffer_tx                                0x10000880   Data        2000  uart_interrup.o(.bss)
    delayers                                 0x10001050   Data          20  timer_interrupt.o(.bss)
    cado                                     0x10001064   Data          10  timer_interrupt.o(.bss)
    buffer_DAC                               0x10001070   Data        2000  dac.o(.bss)
    cad                                      0x10001840   Data          10  dac.o(.bss)
    onda                                     0x1000184c   Data          16  dma.o(.bss)
    audio_clip                               0x1000185c   Data         160  dma.o(.bss)
    menu_rect                                0x100018fc   Data         160  states.o(.bss)
    aux_web                                  0x10004404   Data          40  http_cgi.o(.bss)
    misil                                    0x100076c4   Data          80  games.o(.bss)
    candy_array                              0x10007714   Data          49  games.o(.bss)
    candy_desp                               0x10007748   Data         196  games.o(.bss)
    new_candy_array                          0x1000780c   Data          49  games.o(.bss)
    new_candy_desp                           0x1000783d   Data          49  games.o(.bss)
    localm                                   0x10007934   Data          60  at_system.o(.bss)
    sys_control                              0x10007970   Data          16  at_system.o(.bss)
    __libspace_start                         0x10007980   Data          96  libspace.o(.bss)
    __temporary_stack_top$libspace           0x100079e0   Data           0  libspace.o(.bss)



==============================================================================

Memory Map of the image

  Image Entry point : 0x000000cd

  Load Region LR_IROM1 (Base: 0x00000000, Size: 0x0001f95c, Max: 0x00080000, ABSOLUTE, COMPRESSED[0x0001f754])

    Execution Region ER_IROM1 (Base: 0x00000000, Size: 0x0001f680, Max: 0x00080000, ABSOLUTE)

    Base Addr    Size         Type   Attr      Idx    E Section Name        Object

    0x00000000   0x000000cc   Data   RO           44    RESET               startup_lpc17xx.o
    0x000000cc   0x00000008   Code   RO         1887  * !!!main             c_w.l(__main.o)
    0x000000d4   0x00000034   Code   RO         2210    !!!scatter          c_w.l(__scatter.o)
    0x00000108   0x0000005a   Code   RO         2208    !!dczerorl2         c_w.l(__dczerorl2.o)
    0x00000162   0x00000002   PAD
    0x00000164   0x0000001c   Code   RO         2212    !!handler_zi        c_w.l(__scatter_zi.o)
    0x00000180   0x00000000   Code   RO         1873    .ARM.Collect$$_printf_percent$$00000000  c_w.l(_printf_percent.o)
    0x00000180   0x00000006   Code   RO         1870    .ARM.Collect$$_printf_percent$$00000008  c_w.l(_printf_i.o)
    0x00000186   0x00000006   Code   RO         1871    .ARM.Collect$$_printf_percent$$00000009  c_w.l(_printf_d.o)
    0x0000018c   0x00000006   Code   RO         1872    .ARM.Collect$$_printf_percent$$0000000A  c_w.l(_printf_u.o)
    0x00000192   0x00000006   Code   RO         1869    .ARM.Collect$$_printf_percent$$0000000B  c_w.l(_printf_o.o)
    0x00000198   0x00000006   Code   RO         1868    .ARM.Collect$$_printf_percent$$0000000C  c_w.l(_printf_x.o)
    0x0000019e   0x0000000a   Code   RO         1984    .ARM.Collect$$_printf_percent$$00000012  c_w.l(_printf_l.o)
    0x000001a8   0x00000006   Code   RO         1866    .ARM.Collect$$_printf_percent$$00000013  c_w.l(_printf_c.o)
    0x000001ae   0x00000006   Code   RO         1867    .ARM.Collect$$_printf_percent$$00000014  c_w.l(_printf_s.o)
    0x000001b4   0x00000006   Code   RO         1874    .ARM.Collect$$_printf_percent$$00000015  c_w.l(_printf_lc.o)
    0x000001ba   0x00000004   Code   RO         1983    .ARM.Collect$$_printf_percent$$00000017  c_w.l(_printf_percent_end.o)
    0x000001be   0x00000006   Code   RO         2077    .ARM.Collect$$libinit$$00000000  c_w.l(libinit.o)
    0x000001c4   0x00000000   Code   RO         2090    .ARM.Collect$$libinit$$00000006  c_w.l(libinit2.o)
    0x000001c4   0x00000000   Code   RO         2092    .ARM.Collect$$libinit$$00000008  c_w.l(libinit2.o)
    0x000001c4   0x00000000   Code   RO         2094    .ARM.Collect$$libinit$$0000000A  c_w.l(libinit2.o)
    0x000001c4   0x00000006   Code   RO         2095    .ARM.Collect$$libinit$$0000000B  c_w.l(libinit2.o)
    0x000001ca   0x00000000   Code   RO         2097    .ARM.Collect$$libinit$$0000000D  c_w.l(libinit2.o)
    0x000001ca   0x0000000c   Code   RO         2098    .ARM.Collect$$libinit$$0000000E  c_w.l(libinit2.o)
    0x000001d6   0x00000000   Code   RO         2099    .ARM.Collect$$libinit$$0000000F  c_w.l(libinit2.o)
    0x000001d6   0x00000000   Code   RO         2101    .ARM.Collect$$libinit$$00000011  c_w.l(libinit2.o)
    0x000001d6   0x00000000   Code   RO         2103    .ARM.Collect$$libinit$$00000013  c_w.l(libinit2.o)
    0x000001d6   0x00000000   Code   RO         2105    .ARM.Collect$$libinit$$00000015  c_w.l(libinit2.o)
    0x000001d6   0x00000000   Code   RO         2107    .ARM.Collect$$libinit$$00000017  c_w.l(libinit2.o)
    0x000001d6   0x00000000   Code   RO         2109    .ARM.Collect$$libinit$$00000019  c_w.l(libinit2.o)
    0x000001d6   0x00000000   Code   RO         2111    .ARM.Collect$$libinit$$0000001B  c_w.l(libinit2.o)
    0x000001d6   0x00000000   Code   RO         2113    .ARM.Collect$$libinit$$0000001D  c_w.l(libinit2.o)
    0x000001d6   0x00000000   Code   RO         2115    .ARM.Collect$$libinit$$0000001F  c_w.l(libinit2.o)
    0x000001d6   0x00000000   Code   RO         2117    .ARM.Collect$$libinit$$00000021  c_w.l(libinit2.o)
    0x000001d6   0x00000000   Code   RO         2121    .ARM.Collect$$libinit$$00000028  c_w.l(libinit2.o)
    0x000001d6   0x00000000   Code   RO         2123    .ARM.Collect$$libinit$$0000002A  c_w.l(libinit2.o)
    0x000001d6   0x00000000   Code   RO         2125    .ARM.Collect$$libinit$$0000002C  c_w.l(libinit2.o)
    0x000001d6   0x00000000   Code   RO         2127    .ARM.Collect$$libinit$$0000002E  c_w.l(libinit2.o)
    0x000001d6   0x00000002   Code   RO         2128    .ARM.Collect$$libinit$$0000002F  c_w.l(libinit2.o)
    0x000001d8   0x00000002   Code   RO         2166    .ARM.Collect$$libshutdown$$00000000  c_w.l(libshutdown.o)
    0x000001da   0x00000000   Code   RO         2193    .ARM.Collect$$libshutdown$$00000003  c_w.l(libshutdown2.o)
    0x000001da   0x00000000   Code   RO         2196    .ARM.Collect$$libshutdown$$00000006  c_w.l(libshutdown2.o)
    0x000001da   0x00000000   Code   RO         2199    .ARM.Collect$$libshutdown$$00000009  c_w.l(libshutdown2.o)
    0x000001da   0x00000000   Code   RO         2201    .ARM.Collect$$libshutdown$$0000000B  c_w.l(libshutdown2.o)
    0x000001da   0x00000000   Code   RO         2204    .ARM.Collect$$libshutdown$$0000000E  c_w.l(libshutdown2.o)
    0x000001da   0x00000002   Code   RO         2205    .ARM.Collect$$libshutdown$$0000000F  c_w.l(libshutdown2.o)
    0x000001dc   0x00000000   Code   RO         1961    .ARM.Collect$$rtentry$$00000000  c_w.l(rtentry.o)
    0x000001dc   0x00000000   Code   RO         2024    .ARM.Collect$$rtentry$$00000002  c_w.l(rtentry2.o)
    0x000001dc   0x00000006   Code   RO         2036    .ARM.Collect$$rtentry$$00000004  c_w.l(rtentry4.o)
    0x000001e2   0x00000000   Code   RO         2026    .ARM.Collect$$rtentry$$00000009  c_w.l(rtentry2.o)
    0x000001e2   0x00000004   Code   RO         2027    .ARM.Collect$$rtentry$$0000000A  c_w.l(rtentry2.o)
    0x000001e6   0x00000000   Code   RO         2029    .ARM.Collect$$rtentry$$0000000C  c_w.l(rtentry2.o)
    0x000001e6   0x00000008   Code   RO         2030    .ARM.Collect$$rtentry$$0000000D  c_w.l(rtentry2.o)
    0x000001ee   0x00000002   Code   RO         2080    .ARM.Collect$$rtexit$$00000000  c_w.l(rtexit.o)
    0x000001f0   0x00000000   Code   RO         2136    .ARM.Collect$$rtexit$$00000002  c_w.l(rtexit2.o)
    0x000001f0   0x00000004   Code   RO         2137    .ARM.Collect$$rtexit$$00000003  c_w.l(rtexit2.o)
    0x000001f4   0x00000006   Code   RO         2138    .ARM.Collect$$rtexit$$00000004  c_w.l(rtexit2.o)
    0x000001fa   0x00000002   PAD
    0x000001fc   0x0000003c   Code   RO           46    .text               startup_lpc17xx.o
    0x00000238   0x00000020   Code   RO          164    .text               asciilib.o
    0x00000258   0x00000004   Code   RO          308    .text               lpc17xx_libcfg_default.o
    0x0000025c   0x00000078   Code   RO         1201    .text               net_config.o
    0x000002d4   0x0000000c   Code   RO         1397    .text               inicio_servos.o
    0x000002e0   0x0000001a   Code   RO         1875    .text               c_w.l(atoi.o)
    0x000002fa   0x00000002   Code   RO         2155    .text               c_w.l(use_no_semi.o)
    0x000002fc   0x00000004   Code   RO           45    .ARM.__at_0x02FC    startup_lpc17xx.o
    0x00000300   0x00000320   Code   RO            2    .text               system_lpc17xx.o
    0x00000620   0x00000228   Code   RO           53    .text               main.o
    0x00000848   0x00000d70   Code   RO          185    .text               glcd.o
    0x000015b8   0x0000116c   Code   RO          221    .text               touchpanel.o
    0x00002724   0x00000444   Code   RO          284    .text               lpc17xx_gpio.o
    0x00002b68   0x00000130   Code   RO          321    .text               lpc17xx_pinsel.o
    0x00002c98   0x00000168   Code   RO          347    .text               lpc17xx_clkpwr.o
    0x00002e00   0x000006ec   Code   RO          366    .text               lpc17xx_ssp.o
    0x000034ec   0x00000370   Code   RO          385    .text               i2c.o
    0x0000385c   0x00000600   Code   RO          420    .text               ov7670.o
    0x00003e5c   0x00000644   Code   RO          471    .text               ov7670_read.o
    0x000044a0   0x000005fe   Code   RO          499    .text               ov7670_read2.o
    0x00004a9e   0x00000002   PAD
    0x00004aa0   0x00001460   Code   RO          519    .text               ov7670_detect.o
    0x00005f00   0x00001680   Code   RO          535    .text               ov7670_detect2.o
    0x00007580   0x00000684   Code   RO          551    .text               calibration.o
    0x00007c04   0x000003f8   Code   RO          579    .text               ov7670_photo.o
    0x00007ffc   0x00000a28   Code   RO          602    .text               uart.o
    0x00008a24   0x00000138   Code   RO          666    .text               uart_interrup.o
    0x00008b5c   0x00000178   Code   RO          690    .text               timer.o
    0x00008cd4   0x00000144   Code   RO          713    .text               timer_interrupt.o
    0x00008e18   0x00000104   Code   RO          784    .text               interrupciones.o
    0x00008f1c   0x0000015a   Code   RO          815    .text               herramientas.o
    0x00009076   0x00000002   PAD
    0x00009078   0x00000268   Code   RO          831    .text               srf04.o
    0x000092e0   0x000001b0   Code   RO          853    .text               dac.o
    0x00009490   0x000002a0   Code   RO          901    .text               dma.o
    0x00009730   0x000000c4   Code   RO          936    .text               statemachine.o
    0x000097f4   0x0000397c   Code   RO          972    .text               states.o
    0x0000d170   0x00000670   Code   RO         1049    .text               emac_lpc17xx_100mb.o
    0x0000d7e0   0x0000064c   Code   RO         1083    .text               http_cgi.o
    0x0000de2c   0x000002f4   Code   RO         1153    .text               http_demo.o
    0x0000e120   0x00001ea4   Code   RO         1245    .text               games.o
    0x0000ffc4   0x000014ac   Code   RO         1321    .text               ov7670_detect_games.o
    0x00011470   0x00000740   Code   RO         1373    .text               funciones_servos.o
    0x00011bb0   0x00000254   Code   RO         1424    .text               interrupciones_servos.o
    0x00011e04   0x000000ee   Code   RO         1800    .text               c_w.l(lludivv7m.o)
    0x00011ef2   0x00000002   PAD
    0x00011ef4   0x0000002c   Code   RO         1802    .text               c_w.l(__2sprintf.o)
    0x00011f20   0x00000052   Code   RO         1808    .text               c_w.l(_printf_pad.o)
    0x00011f72   0x00000024   Code   RO         1810    .text               c_w.l(_printf_truncate.o)
    0x00011f96   0x00000052   Code   RO         1812    .text               c_w.l(_printf_str.o)
    0x00011fe8   0x00000078   Code   RO         1814    .text               c_w.l(_printf_dec.o)
    0x00012060   0x000000bc   Code   RO         1816    .text               c_w.l(_printf_wctomb.o)
    0x0001211c   0x00000058   Code   RO         1821    .text               c_w.l(_printf_oct_int.o)
    0x00012174   0x0000005c   Code   RO         1828    .text               c_w.l(_printf_hex_int.o)
    0x000121d0   0x0000018c   Code   RO         1863    .text               c_w.l(__printf_flags_ss_wp.o)
    0x0001235c   0x0000003e   Code   RO         1877    .text               c_w.l(strlen.o)
    0x0001239a   0x0000008a   Code   RO         1879    .text               c_w.l(rt_memcpy_v6.o)
    0x00012424   0x0000004e   Code   RO         1881    .text               c_w.l(rt_memclr_w.o)
    0x00012472   0x00000002   PAD
    0x00012474   0x00000080   Code   RO         1883    .text               c_w.l(strcmpv7m.o)
    0x000124f4   0x00000006   Code   RO         1885    .text               c_w.l(heapauxi.o)
    0x000124fa   0x00000002   PAD
    0x000124fc   0x00000008   Code   RO         1969    .text               c_w.l(rt_errno_addr_intlibspace.o)
    0x00012504   0x00000016   Code   RO         1971    .text               c_w.l(_rserrno.o)
    0x0001251a   0x000000b8   Code   RO         1973    .text               c_w.l(_printf_intcommon.o)
    0x000125d2   0x00000002   PAD
    0x000125d4   0x00000030   Code   RO         1975    .text               c_w.l(_printf_char_common.o)
    0x00012604   0x0000000a   Code   RO         1977    .text               c_w.l(_sputc.o)
    0x0001260e   0x0000002c   Code   RO         1979    .text               c_w.l(_printf_char.o)
    0x0001263a   0x0000002c   Code   RO         1981    .text               c_w.l(_printf_wchar.o)
    0x00012666   0x00000070   Code   RO         1985    .text               c_w.l(strtol.o)
    0x000126d6   0x00000040   Code   RO         1987    .text               c_w.l(_wcrtomb.o)
    0x00012716   0x00000064   Code   RO         1989    .text               c_w.l(rt_memcpy_w.o)
    0x0001277a   0x00000002   PAD
    0x0001277c   0x00000008   Code   RO         2020    .text               c_w.l(libspace.o)
    0x00012784   0x00000010   Code   RO         2038    .text               c_w.l(rt_ctype_table.o)
    0x00012794   0x0000009e   Code   RO         2044    .text               c_w.l(_strtoul.o)
    0x00012832   0x0000004a   Code   RO         2054    .text               c_w.l(sys_stackheap_outer.o)
    0x0001287c   0x00000008   Code   RO         2059    .text               c_w.l(rt_locale_intlibspace.o)
    0x00012884   0x0000001c   Code   RO         2061    .text               c_w.l(_chval.o)
    0x000128a0   0x0000000c   Code   RO         2066    .text               c_w.l(exit.o)
    0x000128ac   0x0000000c   Code   RO         2133    .text               c_w.l(sys_exit.o)
    0x000128b8   0x00000008   Code   RO         2145    .text               c_w.l(rt_fp_status_addr_intlibspace.o)
    0x000128c0   0x00000000   Code   RO         2157    .text               c_w.l(indicate_semi.o)
    0x000128c0   0x00000028   Code   RO         2050    i.__ARM_fpclassify  m_ws.l(fpclassify.o)
    0x000128e8   0x00000384   Code   RO         2009    i.__ieee754_rem_pio2  m_ws.l(rred.o)
    0x00012c6c   0x000000fc   Code   RO         2006    i.__kernel_cos      m_ws.l(cos_i.o)
    0x00012d68   0x000000aa   Code   RO         2052    i.__kernel_poly     m_ws.l(poly.o)
    0x00012e12   0x00000002   PAD
    0x00012e14   0x000000f0   Code   RO         2014    i.__kernel_sin      m_ws.l(sin_i.o)
    0x00012f04   0x00000010   Code   RO         2048    i.__mathlib_dbl_underflow  m_ws.l(dunder.o)
    0x00012f14   0x0000000e   Code   RO         1856    i._is_digit         c_w.l(__printf_wp.o)
    0x00012f22   0x00000002   PAD
    0x00012f24   0x00000034   Code   RO         1556    i.add_server_id     TCP_CM3.lib(at_http.o)
    0x00012f58   0x000000b8   Code   RO         1717    i.alloc_mem         TCP_CM3.lib(at_mem.o)
    0x00013010   0x000000b8   Code   RO         1740    i.arp_cache_add     TCP_CM3.lib(at_arp.o)
    0x000130c8   0x00000088   Code   RO         1741    i.arp_cache_alloc   TCP_CM3.lib(at_arp.o)
    0x00013150   0x00000098   Code   RO         1742    i.arp_cache_early   TCP_CM3.lib(at_arp.o)
    0x000131e8   0x000000b4   Code   RO         1743    i.arp_cache_find    TCP_CM3.lib(at_arp.o)
    0x0001329c   0x000000f4   Code   RO         1746    i.arp_cache_update  TCP_CM3.lib(at_arp.o)
    0x00013390   0x0000002c   Code   RO         1749    i.arp_init          TCP_CM3.lib(at_arp.o)
    0x000133bc   0x00000034   Code   RO         1750    i.arp_is_cacheable  TCP_CM3.lib(at_arp.o)
    0x000133f0   0x00000028   Code   RO         1751    i.arp_notify        TCP_CM3.lib(at_arp.o)
    0x00013418   0x00000014   Code   RO         1752    i.arp_probe         TCP_CM3.lib(at_arp.o)
    0x0001342c   0x00000088   Code   RO         1753    i.arp_proc_response  TCP_CM3.lib(at_arp.o)
    0x000134b4   0x00000138   Code   RO         1754    i.arp_process       TCP_CM3.lib(at_arp.o)
    0x000135ec   0x000000a0   Code   RO         1755    i.arp_send_reply    TCP_CM3.lib(at_arp.o)
    0x0001368c   0x000000b8   Code   RO         1756    i.arp_send_request  TCP_CM3.lib(at_arp.o)
    0x00013744   0x0000001c   Code   RO         1718    i.avail_mem         TCP_CM3.lib(at_mem.o)
    0x00013760   0x00000078   Code   RO         1668    i.b64_to_asc        TCP_CM3.lib(at_lib.o)
    0x000137d8   0x00000012   Code   RO         1670    i.calc_chksum16be   TCP_CM3.lib(at_lib.o)
    0x000137ea   0x00000002   Code   RO         1784    i.cgi_process_var   TCP_CM3.lib(at_http_cgi.o)
    0x000137ec   0x00000004   Code   RO         1557    i.cgx_content_type  TCP_CM3.lib(at_http.o)
    0x000137f0   0x000001cc   Code   RO         1558    i.chk_post_req      TCP_CM3.lib(at_http.o)
    0x000139bc   0x00000028   Code   RO         1671    i.chksum16_buf      TCP_CM3.lib(at_lib.o)
    0x000139e4   0x0000000a   Code   RO         1672    i.chksum16_val      TCP_CM3.lib(at_lib.o)
    0x000139ee   0x0000001e   Code   RO         1559    i.cmp_fname_ext     TCP_CM3.lib(at_http.o)
    0x00013a0c   0x00000028   Code   RO         1560    i.cmp_header        TCP_CM3.lib(at_http.o)
    0x00013a34   0x00000002   Code   RO         1634    i.dhcp_cbfunc       TCP_CM3.lib(at_dhcp.o)
    0x00013a36   0x00000002   PAD
    0x00013a38   0x0000003c   Code   RO         1635    i.dhcp_disable      TCP_CM3.lib(at_dhcp.o)
    0x00013a74   0x00000050   Code   RO         1636    i.dhcp_init         TCP_CM3.lib(at_dhcp.o)
    0x00013ac4   0x000001fc   Code   RO         1637    i.dhcp_listener     TCP_CM3.lib(at_dhcp.o)
    0x00013cc0   0x000001c4   Code   RO         1638    i.dhcp_run_client   TCP_CM3.lib(at_dhcp.o)
    0x00013e84   0x00000210   Code   RO         1639    i.dhcp_send_message  TCP_CM3.lib(at_dhcp.o)
    0x00014094   0x00000010   Code   RO         1653    i.eth_chk_adr       TCP_CM3.lib(at_ethernet.o)
    0x000140a4   0x00000034   Code   RO         1655    i.eth_init_link     TCP_CM3.lib(at_ethernet.o)
    0x000140d8   0x000000d4   Code   RO         1656    i.eth_run_link      TCP_CM3.lib(at_ethernet.o)
    0x000141ac   0x000000a8   Code   RO         1657    i.eth_send_frame    TCP_CM3.lib(at_ethernet.o)
    0x00014254   0x00000084   Code   RO         1719    i.free_mem          TCP_CM3.lib(at_mem.o)
    0x000142d8   0x00000028   Code   RO         1674    i.get_crc32         TCP_CM3.lib(at_lib.o)
    0x00014300   0x00000068   Code   RO         1561    i.get_file_type     TCP_CM3.lib(at_http.o)
    0x00014368   0x00000028   Code   RO         1562    i.get_next_field    TCP_CM3.lib(at_http.o)
    0x00014390   0x00000032   Code   RO         1563    i.get_next_par      TCP_CM3.lib(at_http.o)
    0x000143c2   0x00000002   PAD
    0x000143c4   0x0000001c   Code   RO         1731    i.get_rnd32         TCP_CM3.lib(at_system.o)
    0x000143e0   0x00000012   Code   RO         1564    i.hex2byte          TCP_CM3.lib(at_http.o)
    0x000143f2   0x00000004   Code   RO         1565    i.http_accept_host  TCP_CM3.lib(at_http.o)
    0x000143f6   0x00000002   PAD
    0x000143f8   0x000002bc   Code   RO         1566    i.http_add_header   TCP_CM3.lib(at_http.o)
    0x000146b4   0x00000004   Code   RO         1567    i.http_check_account  TCP_CM3.lib(at_http.o)
    0x000146b8   0x00000188   Code   RO         1569    i.http_error_msg    TCP_CM3.lib(at_http.o)
    0x00014840   0x00000002   Code   RO         1788    i.http_fclose       TCP_CM3.lib(at_http_uif.o)
    0x00014842   0x00000004   Code   RO         1789    i.http_fgets        TCP_CM3.lib(at_http_uif.o)
    0x00014846   0x00000004   Code   RO         1570    i.http_file_access  TCP_CM3.lib(at_http.o)
    0x0001484a   0x00000004   Code   RO         1790    i.http_finfo        TCP_CM3.lib(at_http_uif.o)
    0x0001484e   0x00000004   Code   RO         1791    i.http_fopen        TCP_CM3.lib(at_http_uif.o)
    0x00014852   0x00000004   Code   RO         1792    i.http_fread        TCP_CM3.lib(at_http_uif.o)
    0x00014856   0x00000002   PAD
    0x00014858   0x0000006c   Code   RO         1576    i.http_get_var      TCP_CM3.lib(at_http.o)
    0x000148c4   0x00000050   Code   RO         1577    i.http_init         TCP_CM3.lib(at_http.o)
    0x00014914   0x0000005e   Code   RO         1578    i.http_kill_session  TCP_CM3.lib(at_http.o)
    0x00014972   0x00000002   PAD
    0x00014974   0x00000224   Code   RO         1579    i.http_listener     TCP_CM3.lib(at_http.o)
    0x00014b98   0x00000120   Code   RO         1580    i.http_open_file    TCP_CM3.lib(at_http.o)
    0x00014cb8   0x00000154   Code   RO         1581    i.http_proc_header  TCP_CM3.lib(at_http.o)
    0x00014e0c   0x0000017c   Code   RO         1582    i.http_proc_multipart  TCP_CM3.lib(at_http.o)
    0x00014f88   0x000000f8   Code   RO         1583    i.http_proc_post    TCP_CM3.lib(at_http.o)
    0x00015080   0x0000033c   Code   RO         1584    i.http_run_server   TCP_CM3.lib(at_http.o)
    0x000153bc   0x0000001e   Code   RO         1585    i.http_strcpy       TCP_CM3.lib(at_http.o)
    0x000153da   0x00000002   PAD
    0x000153dc   0x000000a8   Code   RO         1586    i.http_to_utc       TCP_CM3.lib(at_http.o)
    0x00015484   0x00000010   Code   RO         1453    i.icmp_init         TCP_CM3.lib(at_icmp.o)
    0x00015494   0x000000cc   Code   RO         1455    i.icmp_process      TCP_CM3.lib(at_icmp.o)
    0x00015560   0x00000048   Code   RO         1456    i.icmp_run_engine   TCP_CM3.lib(at_icmp.o)
    0x000155a8   0x00000070   Code   RO         1457    i.icmp_send_message  TCP_CM3.lib(at_icmp.o)
    0x00015618   0x00000038   Code   RO         1720    i.ifree_mem         TCP_CM3.lib(at_mem.o)
    0x00015650   0x00000030   Code   RO         1732    i.init_TcpNet       TCP_CM3.lib(at_system.o)
    0x00015680   0x00000060   Code   RO         1721    i.init_mem          TCP_CM3.lib(at_mem.o)
    0x000156e0   0x000000c8   Code   RO         1439    i.ip_chk_frame      TCP_CM3.lib(at_ip.o)
    0x000157a8   0x0000000a   Code   RO         1440    i.ip_get_chksum     TCP_CM3.lib(at_ip.o)
    0x000157b2   0x00000002   PAD
    0x000157b4   0x000000b8   Code   RO         1441    i.ip_get_locadr     TCP_CM3.lib(at_ip.o)
    0x0001586c   0x0000000c   Code   RO         1442    i.ip_init           TCP_CM3.lib(at_ip.o)
    0x00015878   0x0000005c   Code   RO         1443    i.ip_run_local      TCP_CM3.lib(at_ip.o)
    0x000158d4   0x00000150   Code   RO         1444    i.ip_send_frame     TCP_CM3.lib(at_ip.o)
    0x00015a24   0x00000014   Code   RO         1675    i.is_subnet         TCP_CM3.lib(at_lib.o)
    0x00015a38   0x00000064   Code   RO         1733    i.main_TcpNet       TCP_CM3.lib(at_system.o)
    0x00015a9c   0x00000018   Code   RO         1676    i.mem_comp          TCP_CM3.lib(at_lib.o)
    0x00015ab4   0x00000016   Code   RO         1677    i.mem_copy          TCP_CM3.lib(at_lib.o)
    0x00015aca   0x00000020   Code   RO         1678    i.mem_crc32         TCP_CM3.lib(at_lib.o)
    0x00015aea   0x0000000a   Code   RO         1680    i.mem_set           TCP_CM3.lib(at_lib.o)
    0x00015af4   0x00000014   Code   RO         1681    i.mem_test          TCP_CM3.lib(at_lib.o)
    0x00015b08   0x00000028   Code   RO         1628    i.nbns_init         TCP_CM3.lib(at_nbns.o)
    0x00015b30   0x00000160   Code   RO         1629    i.nbns_listener     TCP_CM3.lib(at_nbns.o)
    0x00015c90   0x00000016   Code   RO         1683    i.nrd_u32be         TCP_CM3.lib(at_lib.o)
    0x00015ca6   0x00000008   Code   RO         1684    i.nwr_u16be         TCP_CM3.lib(at_lib.o)
    0x00015cae   0x00000010   Code   RO         1685    i.nwr_u32be         TCP_CM3.lib(at_lib.o)
    0x00015cbe   0x00000002   PAD
    0x00015cc0   0x00000068   Code   RO         1640    i.proc_opt_renew    TCP_CM3.lib(at_dhcp.o)
    0x00015d28   0x000000e0   Code   RO         1641    i.proc_opt_req      TCP_CM3.lib(at_dhcp.o)
    0x00015e08   0x00000034   Code   RO         1642    i.proc_opt_sel      TCP_CM3.lib(at_dhcp.o)
    0x00015e3c   0x00000028   Code   RO         1587    i.proc_req_line     TCP_CM3.lib(at_http.o)
    0x00015e64   0x00000028   Code   RO         1658    i.put_in_queue      TCP_CM3.lib(at_ethernet.o)
    0x00015e8c   0x000000a0   Code   RO         1588    i.read_script_line  TCP_CM3.lib(at_http.o)
    0x00015f2c   0x00000048   Code   RO         1722    i.resize_mem        TCP_CM3.lib(at_mem.o)
    0x00015f74   0x0000004c   Code   RO         1589    i.search_delim      TCP_CM3.lib(at_http.o)
    0x00015fc0   0x000000b0   Code   RO         1954    i.sin               m_ws.l(sin.o)
    0x00016070   0x00000012   Code   RO         1686    i.str_copy          TCP_CM3.lib(at_lib.o)
    0x00016082   0x0000001a   Code   RO         1687    i.str_crc32         TCP_CM3.lib(at_lib.o)
    0x0001609c   0x00000016   Code   RO         1688    i.str_pos           TCP_CM3.lib(at_lib.o)
    0x000160b2   0x0000001a   Code   RO         1689    i.str_scomp         TCP_CM3.lib(at_lib.o)
    0x000160cc   0x0000001a   Code   RO         1691    i.str_up_case       TCP_CM3.lib(at_lib.o)
    0x000160e6   0x00000002   PAD
    0x000160e8   0x00000050   Code   RO         1464    i.tcp_abort         TCP_CM3.lib(at_tcp.o)
    0x00016138   0x0000009c   Code   RO         1466    i.tcp_close         TCP_CM3.lib(at_tcp.o)
    0x000161d4   0x00000020   Code   RO         1469    i.tcp_get_buf       TCP_CM3.lib(at_tcp.o)
    0x000161f4   0x0000004c   Code   RO         1471    i.tcp_get_socket    TCP_CM3.lib(at_tcp.o)
    0x00016240   0x00000024   Code   RO         1472    i.tcp_get_state     TCP_CM3.lib(at_tcp.o)
    0x00016264   0x00000018   Code   RO         1473    i.tcp_init          TCP_CM3.lib(at_tcp.o)
    0x0001627c   0x0000006c   Code   RO         1475    i.tcp_listen        TCP_CM3.lib(at_tcp.o)
    0x000162e8   0x00000098   Code   RO         1476    i.tcp_map_socket    TCP_CM3.lib(at_tcp.o)
    0x00016380   0x00000024   Code   RO         1477    i.tcp_max_dsize     TCP_CM3.lib(at_tcp.o)
    0x000163a4   0x0000005e   Code   RO         1479    i.tcp_parse_opt     TCP_CM3.lib(at_tcp.o)
    0x00016402   0x00000002   PAD
    0x00016404   0x00000284   Code   RO         1480    i.tcp_poll_sockets  TCP_CM3.lib(at_tcp.o)
    0x00016688   0x000000c8   Code   RO         1481    i.tcp_proc_acknr    TCP_CM3.lib(at_tcp.o)
    0x00016750   0x00000052   Code   RO         1482    i.tcp_proc_dupack   TCP_CM3.lib(at_tcp.o)
    0x000167a2   0x00000002   PAD
    0x000167a4   0x00000498   Code   RO         1483    i.tcp_process       TCP_CM3.lib(at_tcp.o)
    0x00016c3c   0x0000001a   Code   RO         1484    i.tcp_que_free      TCP_CM3.lib(at_tcp.o)
    0x00016c56   0x0000001a   Code   RO         1485    i.tcp_que_init      TCP_CM3.lib(at_tcp.o)
    0x00016c70   0x00000094   Code   RO         1486    i.tcp_que_resend    TCP_CM3.lib(at_tcp.o)
    0x00016d04   0x000000d4   Code   RO         1490    i.tcp_send          TCP_CM3.lib(at_tcp.o)
    0x00016dd8   0x0000006a   Code   RO         1491    i.tcp_send_ctrl     TCP_CM3.lib(at_tcp.o)
    0x00016e42   0x00000050   Code   RO         1492    i.tcp_send_data     TCP_CM3.lib(at_tcp.o)
    0x00016e92   0x00000068   Code   RO         1493    i.tcp_send_reset    TCP_CM3.lib(at_tcp.o)
    0x00016efa   0x00000026   Code   RO         1494    i.tcp_set_cwnd      TCP_CM3.lib(at_tcp.o)
    0x00016f20   0x00000068   Code   RO         1495    i.tcp_transit       TCP_CM3.lib(at_tcp.o)
    0x00016f88   0x000000c4   Code   RO         1496    i.tcp_write         TCP_CM3.lib(at_tcp.o)
    0x0001704c   0x00000014   Code   RO         1734    i.timer_tick        TCP_CM3.lib(at_system.o)
    0x00017060   0x0000002c   Code   RO         1531    i.udp_close         TCP_CM3.lib(at_udp.o)
    0x0001708c   0x00000020   Code   RO         1533    i.udp_get_buf       TCP_CM3.lib(at_udp.o)
    0x000170ac   0x00000044   Code   RO         1534    i.udp_get_socket    TCP_CM3.lib(at_udp.o)
    0x000170f0   0x00000018   Code   RO         1535    i.udp_init          TCP_CM3.lib(at_udp.o)
    0x00017108   0x00000068   Code   RO         1538    i.udp_open          TCP_CM3.lib(at_udp.o)
    0x00017170   0x0000002c   Code   RO         1539    i.udp_port_in_use   TCP_CM3.lib(at_udp.o)
    0x0001719c   0x000000b8   Code   RO         1540    i.udp_process       TCP_CM3.lib(at_udp.o)
    0x00017254   0x00000030   Code   RO         1541    i.udp_release_socket  TCP_CM3.lib(at_udp.o)
    0x00017284   0x0000011c   Code   RO         1542    i.udp_send          TCP_CM3.lib(at_udp.o)
    0x000173a0   0x000000e0   Code   RO         1590    i.utc_to_http       TCP_CM3.lib(at_http.o)
    0x00017480   0x0000002c   Code   RO         2064    locale$$code        c_w.l(lc_ctype_c.o)
    0x000174ac   0x00000062   Code   RO         1889    x$fpl$d2f           fz_ws.l(d2f.o)
    0x0001750e   0x00000002   PAD
    0x00017510   0x00000150   Code   RO         1891    x$fpl$dadd          fz_ws.l(daddsub_clz.o)
    0x00017660   0x00000010   Code   RO         2046    x$fpl$dcheck1       fz_ws.l(dcheck1.o)
    0x00017670   0x00000018   Code   RO         1991    x$fpl$dcmpinf       fz_ws.l(dcmpi.o)
    0x00017688   0x000002b0   Code   RO         1898    x$fpl$ddiv          fz_ws.l(ddiv.o)
    0x00017938   0x00000078   Code   RO         1901    x$fpl$deqf          fz_ws.l(deqf.o)
    0x000179b0   0x0000005e   Code   RO         1903    x$fpl$dfix          fz_ws.l(dfix.o)
    0x00017a0e   0x00000002   PAD
    0x00017a10   0x0000005a   Code   RO         1907    x$fpl$dfixu         fz_ws.l(dfixu.o)
    0x00017a6a   0x0000002e   Code   RO         1912    x$fpl$dflt          fz_ws.l(dflt_clz.o)
    0x00017a98   0x00000026   Code   RO         1911    x$fpl$dfltu         fz_ws.l(dflt_clz.o)
    0x00017abe   0x00000002   PAD
    0x00017ac0   0x00000078   Code   RO         1917    x$fpl$dleqf         fz_ws.l(dleqf.o)
    0x00017b38   0x00000154   Code   RO         1919    x$fpl$dmul          fz_ws.l(dmul.o)
    0x00017c8c   0x0000009c   Code   RO         1993    x$fpl$dnaninf       fz_ws.l(dnaninf.o)
    0x00017d28   0x0000000c   Code   RO         1995    x$fpl$dretinf       fz_ws.l(dretinf.o)
    0x00017d34   0x0000006c   Code   RO         1921    x$fpl$drleqf        fz_ws.l(drleqf.o)
    0x00017da0   0x00000016   Code   RO         1892    x$fpl$drsb          fz_ws.l(daddsub_clz.o)
    0x00017db6   0x00000002   PAD
    0x00017db8   0x000001d4   Code   RO         1893    x$fpl$dsub          fz_ws.l(daddsub_clz.o)
    0x00017f8c   0x00000056   Code   RO         1923    x$fpl$f2d           fz_ws.l(f2d.o)
    0x00017fe2   0x00000002   PAD
    0x00017fe4   0x000000c4   Code   RO         1925    x$fpl$fadd          fz_ws.l(faddsub_clz.o)
    0x000180a8   0x00000018   Code   RO         1997    x$fpl$fcmpinf       fz_ws.l(fcmpi.o)
    0x000180c0   0x00000184   Code   RO         1932    x$fpl$fdiv          fz_ws.l(fdiv.o)
    0x00018244   0x00000068   Code   RO         1935    x$fpl$feqf          fz_ws.l(feqf.o)
    0x000182ac   0x0000003e   Code   RO         1937    x$fpl$ffixu         fz_ws.l(ffixu.o)
    0x000182ea   0x00000002   PAD
    0x000182ec   0x00000030   Code   RO         1942    x$fpl$fflt          fz_ws.l(fflt_clz.o)
    0x0001831c   0x00000026   Code   RO         1941    x$fpl$ffltu         fz_ws.l(fflt_clz.o)
    0x00018342   0x00000002   PAD
    0x00018344   0x00000068   Code   RO         1947    x$fpl$fleqf         fz_ws.l(fleqf.o)
    0x000183ac   0x00000102   Code   RO         1949    x$fpl$fmul          fz_ws.l(fmul.o)
    0x000184ae   0x0000008c   Code   RO         1999    x$fpl$fnaninf       fz_ws.l(fnaninf.o)
    0x0001853a   0x0000000e   Code   RO         2129    x$fpl$fpinit        fz_ws.l(fpinit.o)
    0x00018548   0x0000000a   Code   RO         2001    x$fpl$fretinf       fz_ws.l(fretinf.o)
    0x00018552   0x00000062   Code   RO         1951    x$fpl$frleqf        fz_ws.l(frleqf.o)
    0x000185b4   0x000000ea   Code   RO         1927    x$fpl$fsub          fz_ws.l(faddsub_clz.o)
    0x0001869e   0x00000064   Code   RO         2078    x$fpl$retnan        fz_ws.l(retnan.o)
    0x00018702   0x0000005c   Code   RO         2003    x$fpl$scalbn        fz_ws.l(scalbn.o)
    0x0001875e   0x00000030   Code   RO         2131    x$fpl$trapveneer    fz_ws.l(trapv.o)
    0x0001878e   0x00000000   Code   RO         2005    x$fpl$usenofp       fz_ws.l(usenofp.o)
    0x0001878e   0x000005f0   Data   RO          165    .constdata          asciilib.o
    0x00018d7e   0x00000002   PAD
    0x00018d80   0x0000004f   Data   RO          603    .constdata          uart.o
    0x00018dcf   0x00000004   Data   RO          855    .constdata          dac.o
    0x00018dd3   0x00000001   PAD
    0x00018dd4   0x00000098   Data   RO         1203    .constdata          net_config.o
    0x00018e6c   0x00002628   Data   RO         1222    .constdata          web.o
    0x0001b494   0x00003b8e   Data   RO         1232    .constdata          caramels.o
    0x0001f022   0x00000080   Data   RO         1247    .constdata          games.o
    0x0001f0a2   0x00000008   Data   RO         1445    .constdata          TCP_CM3.lib(at_ip.o)
    0x0001f0aa   0x000000f4   Data   RO         1591    .constdata          TCP_CM3.lib(at_http.o)
    0x0001f19e   0x00000008   Data   RO         1630    .constdata          TCP_CM3.lib(at_nbns.o)
    0x0001f1a6   0x00000006   Data   RO         1660    .constdata          TCP_CM3.lib(at_ethernet.o)
    0x0001f1ac   0x00000006   Data   RO         1757    .constdata          TCP_CM3.lib(at_arp.o)
    0x0001f1b2   0x00000056   Data   RO         1776    .constdata          TCP_CM3.lib(http_err.o)
    0x0001f208   0x00000051   Data   RO         1777    .constdata          TCP_CM3.lib(http_err.o)
    0x0001f259   0x0000004e   Data   RO         1778    .constdata          TCP_CM3.lib(http_err.o)
    0x0001f2a7   0x0000004b   Data   RO         1779    .constdata          TCP_CM3.lib(http_err.o)
    0x0001f2f2   0x0000002f   Data   RO         1780    .constdata          TCP_CM3.lib(http_err.o)
    0x0001f321   0x00000088   Data   RO         1781    .constdata          TCP_CM3.lib(http_err.o)
    0x0001f3a9   0x00000003   PAD
    0x0001f3ac   0x00000008   Data   RO         1817    .constdata          c_w.l(_printf_wctomb.o)
    0x0001f3b4   0x00000028   Data   RO         1829    .constdata          c_w.l(_printf_hex_int.o)
    0x0001f3dc   0x00000011   Data   RO         1864    .constdata          c_w.l(__printf_flags_ss_wp.o)
    0x0001f3ed   0x00000003   PAD
    0x0001f3f0   0x00000030   Data   RO         2007    .constdata          m_ws.l(cos_i.o)
    0x0001f420   0x000000c8   Data   RO         2011    .constdata          m_ws.l(rred.o)
    0x0001f4e8   0x00000028   Data   RO         2015    .constdata          m_ws.l(sin_i.o)
    0x0001f510   0x00000024   Data   RO          387    .conststring        i2c.o
    0x0001f534   0x0000001a   Data   RO         1204    .conststring        net_config.o
    0x0001f54e   0x00000002   PAD
    0x0001f550   0x00000020   Data   RO         2206    Region$$Table       anon$$obj.o
    0x0001f570   0x00000110   Data   RO         2063    locale$$data        c_w.l(lc_ctype_c.o)


    Execution Region RW_IRAM1 (Base: 0x10000000, Size: 0x00007be0, Max: 0x00030000, ABSOLUTE, COMPRESSED[0x000000d4])

    Base Addr    Size         Type   Attr      Idx    E Section Name        Object

    0x10000000   0x00000004   Data   RW            3    .data               system_lpc17xx.o
    0x10000004   0x00000028   Data   RW          223    .data               touchpanel.o
    0x1000002c   0x00000020   Data   RW          388    .data               i2c.o
    0x1000004c   0x00000041   Data   RW          473    .data               ov7670_read.o
    0x1000008d   0x00000001   PAD
    0x1000008e   0x0000000f   Data   RW          553    .data               calibration.o
    0x1000009d   0x00000001   PAD
    0x1000009e   0x00000006   Data   RW          580    .data               ov7670_photo.o
    0x100000a4   0x00000017   Data   RW          668    .data               uart_interrup.o
    0x100000bb   0x00000001   PAD
    0x100000bc   0x0000000c   Data   RW          691    .data               timer.o
    0x100000c8   0x00000010   Data   RW          715    .data               timer_interrupt.o
    0x100000d8   0x00000005   Data   RW          785    .data               interrupciones.o
    0x100000dd   0x00000003   PAD
    0x100000e0   0x0000001c   Data   RW          832    .data               srf04.o
    0x100000fc   0x00000018   Data   RW          856    .data               dac.o
    0x10000114   0x00000018   Data   RW          903    .data               dma.o
    0x1000012c   0x00000024   Data   RW          974    .data               states.o
    0x10000150   0x00000005   Data   RW         1051    .data               emac_lpc17xx_100mb.o
    0x10000155   0x00000003   PAD
    0x10000158   0x0000000a   Data   RW         1085    .data               http_cgi.o
    0x10000162   0x00000002   PAD
    0x10000164   0x00000038   Data   RW         1154    .data               http_demo.o
    0x1000019c   0x0000002a   Data   RW         1205    .data               net_config.o
    0x100001c6   0x00000002   PAD
    0x100001c8   0x0000008c   Data   RW         1248    .data               games.o
    0x10000254   0x00000006   Data   RW         1322    .data               ov7670_detect_games.o
    0x1000025a   0x00000002   PAD
    0x1000025c   0x00000054   Data   RW         1398    .data               inicio_servos.o
    0x100002b0   0x0000000c   Data   RW         1446    .data               TCP_CM3.lib(at_ip.o)
    0x100002bc   0x00000004   Data   RW         1497    .data               TCP_CM3.lib(at_tcp.o)
    0x100002c0   0x00000002   Data   RW         1543    .data               TCP_CM3.lib(at_udp.o)
    0x100002c2   0x00000002   PAD
    0x100002c4   0x0000000c   Data   RW         1592    .data               TCP_CM3.lib(at_http.o)
    0x100002d0   0x00000001   Data   RW         1631    .data               TCP_CM3.lib(at_nbns.o)
    0x100002d1   0x00000003   PAD
    0x100002d4   0x00000008   Data   RW         1758    .data               TCP_CM3.lib(at_arp.o)
    0x100002dc   0x00000004   PAD
    0x100002e0   0x00000056   Zero   RW          222    .bss                touchpanel.o
    0x10000336   0x0000010b   Zero   RW          386    .bss                i2c.o
    0x10000441   0x00000001   PAD
    0x10000442   0x0000024a   Zero   RW          472    .bss                ov7670_read.o
    0x1000068c   0x000009c4   Zero   RW          667    .bss                uart_interrup.o
    0x10001050   0x0000001e   Zero   RW          714    .bss                timer_interrupt.o
    0x1000106e   0x00000002   PAD
    0x10001070   0x000007da   Zero   RW          854    .bss                dac.o
    0x1000184a   0x00000002   PAD
    0x1000184c   0x000000b0   Zero   RW          902    .bss                dma.o
    0x100018fc   0x000000a0   Zero   RW          973    .bss                states.o
    0x1000199c   0x00000004   PAD
    0x100019a0   0x00002a64   Zero   RW         1050    .bss                emac_lpc17xx_100mb.o
    0x10004404   0x00000028   Zero   RW         1084    .bss                http_cgi.o
    0x1000442c   0x00003298   Zero   RW         1202    .bss                net_config.o
    0x100076c4   0x000001aa   Zero   RW         1246    .bss                games.o
    0x1000786e   0x00000002   PAD
    0x10007870   0x00000010   Zero   RW         1458    .bss                TCP_CM3.lib(at_icmp.o)
    0x10007880   0x00000020   Zero   RW         1643    .bss                TCP_CM3.lib(at_dhcp.o)
    0x100078a0   0x00000084   Zero   RW         1659    .bss                TCP_CM3.lib(at_ethernet.o)
    0x10007924   0x00000010   Zero   RW         1723    .bss                TCP_CM3.lib(at_mem.o)
    0x10007934   0x0000004c   Zero   RW         1735    .bss                TCP_CM3.lib(at_system.o)
    0x10007980   0x00000060   Zero   RW         2021    .bss                c_w.l(libspace.o)
    0x100079e0   0x00000000   Zero   RW           43    HEAP                startup_lpc17xx.o
    0x100079e0   0x00000200   Zero   RW           42    STACK               startup_lpc17xx.o


==============================================================================

Image component sizes


      Code (inc. data)   RO Data    RW Data    ZI Data      Debug   Object Name

        32          4       1520          0          0        879   asciilib.o
      1668         72          0         15          0       4881   calibration.o
         0          0      15246          0          0        423   caramels.o
       432         54          4         24       2010       1892   dac.o
       672         78          0         24        176      18412   dma.o
      1648        128          0          5      10852      38534   emac_lpc17xx_100mb.o
      1856        160          0          0          0      17602   funciones_servos.o
      7844        664        128        140        426       9847   games.o
      3440         42          0          0          0      10793   glcd.o
       346          0          0          0          0       1362   herramientas.o
      1612        284          0         10         40       4221   http_cgi.o
       756        146          0         56          0      15857   http_demo.o
       880         96         36         32        267      33923   i2c.o
        12          0          0         84          0       1488   inicio_servos.o
       260         44          0          5          0        742   interrupciones.o
       596         92          0          0          0       1063   interrupciones_servos.o
       360         34          0          0          0       1751   lpc17xx_clkpwr.o
      1092         78          0          0          0      11139   lpc17xx_gpio.o
         4          0          0          0          0        631   lpc17xx_libcfg_default.o
       304         12          0          0          0       3737   lpc17xx_pinsel.o
      1772         36          0          0          0      11240   lpc17xx_ssp.o
       552        264          0          0          0        599   main.o
       120          8        178         42      12952       3036   net_config.o
      1536         50          0          0          0       1781   ov7670.o
      5216        166          0          0          0       3161   ov7670_detect.o
      5760        168          0          0          0       2811   ov7670_detect2.o
      5292        144          0          6          0       2833   ov7670_detect_games.o
      1016         98          0          6          0       1319   ov7670_photo.o
      1604         12          0         65        586       2946   ov7670_read.o
      1534         14          0          0          0       1413   ov7670_read2.o
       616         58          0         28          0       1577   srf04.o
        64         26        204          0        512        868   startup_lpc17xx.o
       196         32          0          0          0        540   statemachine.o
     14716       2132          0         36        160      12210   states.o
       800         74          0          4          0      22241   system_lpc17xx.o
       376         44          0         12          0       1994   timer.o
       324         50          0         16         30       1387   timer_interrupt.o
      4460        132          0         40         86      16666   touchpanel.o
      2600        912         79          0          0       2324   uart.o
       312         32          0         23       2500       1432   uart_interrup.o
         0          0       9768          0          0        485   web.o

    ----------------------------------------------------------------------
     72684       6440      27200        688      30608     272040   Object Totals
         0          0         32          0          0          0   (incl. Generated)
         4          0          5         15         11          0   (incl. Padding)

    ----------------------------------------------------------------------

      Code (inc. data)   RO Data    RW Data    ZI Data      Debug   Library Member Name

      1844        144          6          8          0       1108   at_arp.o
      2010        114          0          0         32        812   at_dhcp.o
       488         58          6          0        132        404   at_ethernet.o
      5514       1176        244         12          0       2268   at_http.o
         2          0          0          0          0         68   at_http_cgi.o
        18          0          0          0          0        340   at_http_uif.o
       404         30          0          0         16        308   at_icmp.o
       834         56          8         12          0        520   at_ip.o
       520          6          0          0          0       1360   at_lib.o
       568         46          0          0         16        520   at_mem.o
       392         26          8          1          0        184   at_nbns.o
       196         40          0          0         76        292   at_system.o
      3936        158          0          4          0       2008   at_tcp.o
       832         44          0          2          0        700   at_udp.o
         0          0        503          0          0          0   http_err.o
        44          6          0          0          0         84   __2sprintf.o
        90          0          0          0          0          0   __dczerorl2.o
         8          0          0          0          0         68   __main.o
       396          6         17          0          0         92   __printf_flags_ss_wp.o
        14          0          0          0          0         68   __printf_wp.o
        52          8          0          0          0          0   __scatter.o
        28          0          0          0          0          0   __scatter_zi.o
        28          0          0          0          0         68   _chval.o
         6          0          0          0          0          0   _printf_c.o
        44          0          0          0          0        108   _printf_char.o
        48          6          0          0          0         96   _printf_char_common.o
         6          0          0          0          0          0   _printf_d.o
       120         18          0          0          0         92   _printf_dec.o
        92          4         40          0          0         88   _printf_hex_int.o
         6          0          0          0          0          0   _printf_i.o
       184          0          0          0          0         88   _printf_intcommon.o
        10          0          0          0          0          0   _printf_l.o
         6          0          0          0          0          0   _printf_lc.o
         6          0          0          0          0          0   _printf_o.o
        88          8          0          0          0         88   _printf_oct_int.o
        82          0          0          0          0        108   _printf_pad.o
         0          0          0          0          0          0   _printf_percent.o
         4          0          0          0          0          0   _printf_percent_end.o
         6          0          0          0          0          0   _printf_s.o
        82          0          0          0          0         80   _printf_str.o
        36          0          0          0          0         84   _printf_truncate.o
         6          0          0          0          0          0   _printf_u.o
        44          0          0          0          0        108   _printf_wchar.o
       188          6          8          0          0         92   _printf_wctomb.o
         6          0          0          0          0          0   _printf_x.o
        22          0          0          0          0        100   _rserrno.o
        10          0          0          0          0         68   _sputc.o
       158          0          0          0          0         92   _strtoul.o
        64          0          0          0          0         92   _wcrtomb.o
        26          0          0          0          0         80   atoi.o
        12          0          0          0          0         72   exit.o
         6          0          0          0          0        152   heapauxi.o
         0          0          0          0          0          0   indicate_semi.o
        44         10        272          0          0         76   lc_ctype_c.o
         6          0          0          0          0          0   libinit.o
        20          0          0          0          0          0   libinit2.o
         2          0          0          0          0          0   libshutdown.o
         2          0          0          0          0          0   libshutdown2.o
         8          4          0          0         96         68   libspace.o
       238          0          0          0          0        100   lludivv7m.o
        16          4          0          0          0         76   rt_ctype_table.o
         8          4          0          0          0         68   rt_errno_addr_intlibspace.o
         8          4          0          0          0         68   rt_fp_status_addr_intlibspace.o
         8          4          0          0          0         68   rt_locale_intlibspace.o
        78          0          0          0          0         80   rt_memclr_w.o
       138          0          0          0          0         68   rt_memcpy_v6.o
       100          0          0          0          0         80   rt_memcpy_w.o
         0          0          0          0          0          0   rtentry.o
        12          0          0          0          0          0   rtentry2.o
         6          0          0          0          0          0   rtentry4.o
         2          0          0          0          0          0   rtexit.o
        10          0          0          0          0          0   rtexit2.o
       128          0          0          0          0         68   strcmpv7m.o
        62          0          0          0          0         76   strlen.o
       112          0          0          0          0         88   strtol.o
        12          4          0          0          0         68   sys_exit.o
        74          0          0          0          0         80   sys_stackheap_outer.o
         2          0          0          0          0         68   use_no_semi.o
        98          4          0          0          0         92   d2f.o
       826         16          0          0          0        356   daddsub_clz.o
        16          4          0          0          0         68   dcheck1.o
        24          0          0          0          0         68   dcmpi.o
       688        140          0          0          0        212   ddiv.o
       120          4          0          0          0         92   deqf.o
        94          4          0          0          0         92   dfix.o
        90          4          0          0          0         92   dfixu.o
        84          0          0          0          0        136   dflt_clz.o
       120          4          0          0          0         92   dleqf.o
       340         12          0          0          0        104   dmul.o
       156          4          0          0          0         92   dnaninf.o
        12          0          0          0          0         68   dretinf.o
       108          0          0          0          0         80   drleqf.o
        86          4          0          0          0         84   f2d.o
       430          8          0          0          0        168   faddsub_clz.o
        24          0          0          0          0         68   fcmpi.o
       388         76          0          0          0         96   fdiv.o
       104          4          0          0          0         84   feqf.o
        62          4          0          0          0         84   ffixu.o
        86          0          0          0          0        136   fflt_clz.o
       104          4          0          0          0         84   fleqf.o
       258          4          0          0          0         84   fmul.o
       140          4          0          0          0         84   fnaninf.o
        14          0          0          0          0         76   fpinit.o
        10          0          0          0          0         68   fretinf.o
        98          0          0          0          0         68   frleqf.o
       100          0          0          0          0         68   retnan.o
        92          0          0          0          0         68   scalbn.o
        48          0          0          0          0         68   trapv.o
         0          0          0          0          0          0   usenofp.o
       252         22         48          0          0        128   cos_i.o
        16          6          0          0          0         68   dunder.o
        40          0          0          0          0         68   fpclassify.o
       170          0          0          0          0         96   poly.o
       900         72        200          0          0        140   rred.o
       176         10          0          0          0        120   sin.o
       240         14         40          0          0        132   sin_i.o

    ----------------------------------------------------------------------
     27350       2422       1406         44        372      17944   Library Totals
        54          0          6          5          4          0   (incl. Padding)

    ----------------------------------------------------------------------

      Code (inc. data)   RO Data    RW Data    ZI Data      Debug   Library Name

     17558       1898        775         39        272      10892   TCP_CM3.lib
      3124         96        337          0         96       3268   c_w.l
      4820        304          0          0          0       3032   fz_ws.l
      1794        124        288          0          0        752   m_ws.l

    ----------------------------------------------------------------------
     27350       2422       1406         44        372      17944   Library Totals

    ----------------------------------------------------------------------

==============================================================================


      Code (inc. data)   RO Data    RW Data    ZI Data      Debug   

    100034       8862      28606        732      30980     276152   Grand Totals
    100034       8862      28606        212      30980     276152   ELF Image Totals (compressed)
    100034       8862      28606        212          0          0   ROM Totals

==============================================================================

    Total RO  Size (Code + RO Data)               128640 ( 125.63kB)
    Total RW  Size (RW Data + ZI Data)             31712 (  30.97kB)
    Total ROM Size (Code + RO Data + RW Data)     128852 ( 125.83kB)

==============================================================================

